// Jest Snapshot v1, https://goo.gl/fbAQLP

exports[`should render ExpenseList item from json object 1`] = `
<div>
  <Link
    replace={false}
    to="/edit/1"
  >
    <h2>
      Gum
    </h2>
  </Link>
  <p>
    Amount: 
    $1.95
  </p>
  <p>
    Created At: 
    December 31st, 1969
  </p>
</div>
`;
